  File "/usr/src/app/models.py", line 60, in get_by_status
    return db.session.query(cls).filter_by(status=status).all()
  File "/usr/local/lib/python3.9/site-packages/fastapi_sqlalchemy/middleware.py", line 55, in session
    raise SessionNotInitialisedError
fastapi_sqlalchemy.exceptions.SessionNotInitialisedError: 
        Session not initialised! Ensure that DBSessionMiddleware has been initialised before
        attempting database access.
        
[2021-08-07 09:41:24,468: ERROR/MainProcess] Task handler raised error: <MaybeEncodingError: Error sending result: '"(1, <ExceptionInfo: SessionNotInitialisedError('\\n        Session not initialised! Ensure that DBSessionMiddleware has been initialised before\\n        attempting database access.\\n        ')>, None)"'. Reason: ''PicklingError("Can\'t pickle <class \'fastapi_sqlalchemy.exceptions.SessionNotInitialisedError\'>: it\'s not the same object as fastapi_sqlalchemy.exceptions.SessionNotInitialisedError")''.>
Traceback (most recent call last):
  File "/usr/local/lib/python3.9/site-packages/billiard/pool.py", line 366, in workloop
    put((READY, (job, i, result, inqW_fd)))
  File "/usr/local/lib/python3.9/site-packages/billiard/queues.py", line 366, in put
    self.send_payload(ForkingPickler.dumps(obj))
  File "/usr/local/lib/python3.9/site-packages/billiard/reduction.py", line 56, in dumps
    cls(buf, protocol).dump(obj)
billiard.pool.MaybeEncodingError: Error sending result: '"(1, <ExceptionInfo: SessionNotInitialisedError('\\n        Session not initialised! Ensure that DBSessionMiddleware has been initialised before\\n        attempting database access.\\n        ')>, None)"'. Reason: ''PicklingError("Can\'t pickle <class \'fastapi_sqlalchemy.exceptions.SessionNotInitialisedError\'>: it\'s not the same object as fastapi_sqlalchemy.exceptions.SessionNotInitialisedError")''.
[2021-08-07 09:41:24,470: WARNING/ForkPoolWorker-8] *** Modifying db tasks ***
[2021-08-07 09:41:24,473: ERROR/ForkPoolWorker-8] Task worker.modify_db_tasks[4fb25d85-3f14-47a9-83d8-291e296e2052] raised unexpected: SessionNotInitialisedError('\n        Session not initialised! Ensure that DBSessionMiddleware has been initialised before\n        attempting database access.\n        ')
Traceback (most recent call last):
  File "/usr/local/lib/python3.9/site-packages/celery/app/trace.py", line 412, in trace_task
    R = retval = fun(*args, **kwargs)
  File "/usr/local/lib/python3.9/site-packages/celery/app/trace.py", line 704, in __protected_call__
    return self.run(*args, **kwargs)
  File "/usr/src/app/worker.py", line 51, in modify_db_tasks
    db_tasks = ModelTask.get_by_status(bad_status)
  File "/usr/src/app/models.py", line 60, in get_by_status
    return db.session.query(cls).filter_by(status=status).all()
  File "/usr/local/lib/python3.9/site-packages/fastapi_sqlalchemy/middleware.py", line 55, in session
    raise SessionNotInitialisedError
fastapi_sqlalchemy.exceptions.SessionNotInitialisedError: 
        Session not initialised! Ensure that DBSessionMiddleware has been initialised before
        attempting database access.
        
[2021-08-07 09:41:24,477: ERROR/MainProcess] Task handler raised error: <MaybeEncodingError: Error sending result: '"(1, <ExceptionInfo: SessionNotInitialisedError('\\n        Session not initialised! Ensure that DBSessionMiddleware has been initialised before\\n        attempting database access.\\n        ')>, None)"'. Reason: ''PicklingError("Can\'t pickle <class \'fastapi_sqlalchemy.exceptions.SessionNotInitialisedError\'>: it\'s not the same object as fastapi_sqlalchemy.exceptions.SessionNotInitialisedError")''.>
Traceback (most recent call last):
  File "/usr/local/lib/python3.9/site-packages/billiard/pool.py", line 366, in workloop
    put((READY, (job, i, result, inqW_fd)))
  File "/usr/local/lib/python3.9/site-packages/billiard/queues.py", line 366, in put
    self.send_payload(ForkingPickler.dumps(obj))
  File "/usr/local/lib/python3.9/site-packages/billiard/reduction.py", line 56, in dumps
    cls(buf, protocol).dump(obj)
billiard.pool.MaybeEncodingError: Error sending result: '"(1, <ExceptionInfo: SessionNotInitialisedError('\\n        Session not initialised! Ensure that DBSessionMiddleware has been initialised before\\n        attempting database access.\\n        ')>, None)"'. Reason: ''PicklingError("Can\'t pickle <class \'fastapi_sqlalchemy.exceptions.SessionNotInitialisedError\'>: it\'s not the same object as fastapi_sqlalchemy.exceptions.SessionNotInitialisedError")''.
[2021-08-07 09:41:24,478: WARNING/ForkPoolWorker-8] *** Modifying db tasks ***
[2021-08-07 09:41:24,482: ERROR/ForkPoolWorker-8] Task worker.modify_db_tasks[041001ec-3bd5-4b8a-9242-771fbdffbfc6] raised unexpected: SessionNotInitialisedError('\n        Session not initialised! Ensure that DBSessionMiddleware has been initialised before\n        attempting database access.\n        ')
Traceback (most recent call last):
  File "/usr/local/lib/python3.9/site-packages/celery/app/trace.py", line 412, in trace_task
    R = retval = fun(*args, **kwargs)
  File "/usr/local/lib/python3.9/site-packages/celery/app/trace.py", line 704, in __protected_call__
    return self.run(*args, **kwargs)
  File "/usr/src/app/worker.py", line 51, in modify_db_tasks
    db_tasks = ModelTask.get_by_status(bad_status)
  File "/usr/src/app/models.py", line 60, in get_by_status
    return db.session.query(cls).filter_by(status=status).all()
  File "/usr/local/lib/python3.9/site-packages/fastapi_sqlalchemy/middleware.py", line 55, in session
    raise SessionNotInitialisedError
fastapi_sqlalchemy.exceptions.SessionNotInitialisedError: 
        Session not initialised! Ensure that DBSessionMiddleware has been initialised before
        attempting database access.
        
[2021-08-07 09:41:24,485: ERROR/MainProcess] Task handler raised error: <MaybeEncodingError: Error sending result: '"(1, <ExceptionInfo: SessionNotInitialisedError('\\n        Session not initialised! Ensure that DBSessionMiddleware has been initialised before\\n        attempting database access.\\n        ')>, None)"'. Reason: ''PicklingError("Can\'t pickle <class \'fastapi_sqlalchemy.exceptions.SessionNotInitialisedError\'>: it\'s not the same object as fastapi_sqlalchemy.exceptions.SessionNotInitialisedError")''.>
Traceback (most recent call last):
  File "/usr/local/lib/python3.9/site-packages/billiard/pool.py", line 366, in workloop
    put((READY, (job, i, result, inqW_fd)))
  File "/usr/local/lib/python3.9/site-packages/billiard/queues.py", line 366, in put
    self.send_payload(ForkingPickler.dumps(obj))
  File "/usr/local/lib/python3.9/site-packages/billiard/reduction.py", line 56, in dumps
    cls(buf, protocol).dump(obj)
billiard.pool.MaybeEncodingError: Error sending result: '"(1, <ExceptionInfo: SessionNotInitialisedError('\\n        Session not initialised! Ensure that DBSessionMiddleware has been initialised before\\n        attempting database access.\\n        ')>, None)"'. Reason: ''PicklingError("Can\'t pickle <class \'fastapi_sqlalchemy.exceptions.SessionNotInitialisedError\'>: it\'s not the same object as fastapi_sqlalchemy.exceptions.SessionNotInitialisedError")''.
[2021-08-07 09:41:24,487: WARNING/ForkPoolWorker-8] *** Modifying db tasks ***
[2021-08-07 09:41:24,491: ERROR/ForkPoolWorker-8] Task worker.modify_db_tasks[8c1ea1c6-9e72-4ec1-975b-7fa5ee8cb86e] raised unexpected: SessionNotInitialisedError('\n        Session not initialised! Ensure that DBSessionMiddleware has been initialised before\n        attempting database access.\n        ')
Traceback (most recent call last):
  File "/usr/local/lib/python3.9/site-packages/celery/app/trace.py", line 412, in trace_task
    R = retval = fun(*args, **kwargs)
  File "/usr/local/lib/python3.9/site-packages/celery/app/trace.py", line 704, in __protected_call__
    return self.run(*args, **kwargs)
  File "/usr/src/app/worker.py", line 51, in modify_db_tasks
    db_tasks = ModelTask.get_by_status(bad_status)
  File "/usr/src/app/models.py", line 60, in get_by_status
    return db.session.query(cls).filter_by(status=status).all()
  File "/usr/local/lib/python3.9/site-packages/fastapi_sqlalchemy/middleware.py", line 55, in session
    raise SessionNotInitialisedError
fastapi_sqlalchemy.exceptions.SessionNotInitialisedError: 
        Session not initialised! Ensure that DBSessionMiddleware has been initialised before
        attempting database access.
        
[2021-08-07 09:41:24,494: ERROR/MainProcess] Task handler raised error: <MaybeEncodingError: Error sending result: '"(1, <ExceptionInfo: SessionNotInitialisedError('\\n        Session not initialised! Ensure that DBSessionMiddleware has been initialised before\\n        attempting database access.\\n        ')>, None)"'. Reason: ''PicklingError("Can\'t pickle <class \'fastapi_sqlalchemy.exceptions.SessionNotInitialisedError\'>: it\'s not the same object as fastapi_sqlalchemy.exceptions.SessionNotInitialisedError")''.>
Traceback (most recent call last):
  File "/usr/local/lib/python3.9/site-packages/billiard/pool.py", line 366, in workloop
    put((READY, (job, i, result, inqW_fd)))
  File "/usr/local/lib/python3.9/site-packages/billiard/queues.py", line 366, in put
    self.send_payload(ForkingPickler.dumps(obj))
  File "/usr/local/lib/python3.9/site-packages/billiard/reduction.py", line 56, in dumps
    cls(buf, protocol).dump(obj)
billiard.pool.MaybeEncodingError: Error sending result: '"(1, <ExceptionInfo: SessionNotInitialisedError('\\n        Session not initialised! Ensure that DBSessionMiddleware has been initialised before\\n        attempting database access.\\n        ')>, None)"'. Reason: ''PicklingError("Can\'t pickle <class \'fastapi_sqlalchemy.exceptions.SessionNotInitialisedError\'>: it\'s not the same object as fastapi_sqlalchemy.exceptions.SessionNotInitialisedError")''.
[2021-08-07 09:41:24,496: WARNING/ForkPoolWorker-8] hello
[2021-08-07 09:41:24,497: INFO/ForkPoolWorker-8] Task worker.test[da101bc7-8635-4ba5-888d-6c5e9d1a26fc] succeeded in 0.001777100000253995s: None
[2021-08-07 09:41:24,499: WARNING/ForkPoolWorker-8] *** Modifying db tasks ***
[2021-08-07 09:41:24,502: ERROR/ForkPoolWorker-8] Task worker.modify_db_tasks[b15c1502-94cb-4d5d-82b4-852291b638e9] raised unexpected: SessionNotInitialisedError('\n        Session not initialised! Ensure that DBSessionMiddleware has been initialised before\n        attempting database access.\n        ')
Traceback (most recent call last):
  File "/usr/local/lib/python3.9/site-packages/celery/app/trace.py", line 412, in trace_task
    R = retval = fun(*args, **kwargs)
  File "/usr/local/lib/python3.9/site-packages/celery/app/trace.py", line 704, in __protected_call__
    return self.run(*args, **kwargs)
  File "/usr/src/app/worker.py", line 51, in modify_db_tasks
    db_tasks = ModelTask.get_by_status(bad_status)
  File "/usr/src/app/models.py", line 60, in get_by_status
    return db.session.query(cls).filter_by(status=status).all()
  File "/usr/local/lib/python3.9/site-packages/fastapi_sqlalchemy/middleware.py", line 55, in session
    raise SessionNotInitialisedError
fastapi_sqlalchemy.exceptions.SessionNotInitialisedError: 
        Session not initialised! Ensure that DBSessionMiddleware has been initialised before
        attempting database access.
        
[2021-08-07 09:41:24,506: ERROR/MainProcess] Task handler raised error: <MaybeEncodingError: Error sending result: '"(1, <ExceptionInfo: SessionNotInitialisedError('\\n        Session not initialised! Ensure that DBSessionMiddleware has been initialised before\\n        attempting database access.\\n        ')>, None)"'. Reason: ''PicklingError("Can\'t pickle <class \'fastapi_sqlalchemy.exceptions.SessionNotInitialisedError\'>: it\'s not the same object as fastapi_sqlalchemy.exceptions.SessionNotInitialisedError")''.>
Traceback (most recent call last):
  File "/usr/local/lib/python3.9/site-packages/billiard/pool.py", line 366, in workloop
    put((READY, (job, i, result, inqW_fd)))
  File "/usr/local/lib/python3.9/site-packages/billiard/queues.py", line 366, in put
    self.send_payload(ForkingPickler.dumps(obj))
  File "/usr/local/lib/python3.9/site-packages/billiard/reduction.py", line 56, in dumps
    cls(buf, protocol).dump(obj)
billiard.pool.MaybeEncodingError: Error sending result: '"(1, <ExceptionInfo: SessionNotInitialisedError('\\n        Session not initialised! Ensure that DBSessionMiddleware has been initialised before\\n        attempting database access.\\n        ')>, None)"'. Reason: ''PicklingError("Can\'t pickle <class \'fastapi_sqlalchemy.exceptions.SessionNotInitialisedError\'>: it\'s not the same object as fastapi_sqlalchemy.exceptions.SessionNotInitialisedError")''.
[2021-08-07 09:41:24,508: WARNING/ForkPoolWorker-8] *** Modifying db tasks ***
[2021-08-07 09:41:24,511: ERROR/ForkPoolWorker-8] Task worker.modify_db_tasks[2df174af-eb75-4bcb-b1ac-7c981b7f4c70] raised unexpected: SessionNotInitialisedError('\n        Session not initialised! Ensure that DBSessionMiddleware has been initialised before\n        attempting database access.\n        ')
Traceback (most recent call last):
  File "/usr/local/lib/python3.9/site-packages/celery/app/trace.py", line 412, in trace_task
    R = retval = fun(*args, **kwargs)
  File "/usr/local/lib/python3.9/site-packages/celery/app/trace.py", line 704, in __protected_call__
    return self.run(*args, **kwargs)
  File "/usr/src/app/worker.py", line 51, in modify_db_tasks
    db_tasks = ModelTask.get_by_status(bad_status)
  File "/usr/src/app/models.py", line 60, in get_by_status
    return db.session.query(cls).filter_by(status=status).all()
  File "/usr/local/lib/python3.9/site-packages/fastapi_sqlalchemy/middleware.py", line 55, in session
    raise SessionNotInitialisedError
fastapi_sqlalchemy.exceptions.SessionNotInitialisedError: 
        Session not initialised! Ensure that DBSessionMiddleware has been initialised before
        attempting database access.
        
[2021-08-07 09:41:24,515: ERROR/MainProcess] Task handler raised error: <MaybeEncodingError: Error sending result: '"(1, <ExceptionInfo: SessionNotInitialisedError('\\n        Session not initialised! Ensure that DBSessionMiddleware has been initialised before\\n        attempting database access.\\n        ')>, None)"'. Reason: ''PicklingError("Can\'t pickle <class \'fastapi_sqlalchemy.exceptions.SessionNotInitialisedError\'>: it\'s not the same object as fastapi_sqlalchemy.exceptions.SessionNotInitialisedError")''.>
Traceback (most recent call last):
  File "/usr/local/lib/python3.9/site-packages/billiard/pool.py", line 366, in workloop
    put((READY, (job, i, result, inqW_fd)))
  File "/usr/local/lib/python3.9/site-packages/billiard/queues.py", line 366, in put
    self.send_payload(ForkingPickler.dumps(obj))
  File "/usr/local/lib/python3.9/site-packages/billiard/reduction.py", line 56, in dumps
    cls(buf, protocol).dump(obj)
billiard.pool.MaybeEncodingError: Error sending result: '"(1, <ExceptionInfo: SessionNotInitialisedError('\\n        Session not initialised! Ensure that DBSessionMiddleware has been initialised before\\n        attempting database access.\\n        ')>, None)"'. Reason: ''PicklingError("Can\'t pickle <class \'fastapi_sqlalchemy.exceptions.SessionNotInitialisedError\'>: it\'s not the same object as fastapi_sqlalchemy.exceptions.SessionNotInitialisedError")''.
[2021-08-07 09:41:24,517: WARNING/ForkPoolWorker-8] *** Modifying db tasks ***
[2021-08-07 09:41:24,520: ERROR/ForkPoolWorker-8] Task worker.modify_db_tasks[a091602f-7a34-48c8-8f3d-038d41656bcf] raised unexpected: SessionNotInitialisedError('\n        Session not initialised! Ensure that DBSessionMiddleware has been initialised before\n        attempting database access.\n        ')
Traceback (most recent call last):
  File "/usr/local/lib/python3.9/site-packages/celery/app/trace.py", line 412, in trace_task
    R = retval = fun(*args, **kwargs)
  File "/usr/local/lib/python3.9/site-packages/celery/app/trace.py", line 704, in __protected_call__
    return self.run(*args, **kwargs)
  File "/usr/src/app/worker.py", line 51, in modify_db_tasks
    db_tasks = ModelTask.get_by_status(bad_status)
  File "/usr/src/app/models.py", line 60, in get_by_status
    return db.session.query(cls).filter_by(status=status).all()
  File "/usr/local/lib/python3.9/site-packages/fastapi_sqlalchemy/middleware.py", line 55, in session
    raise SessionNotInitialisedError
fastapi_sqlalchemy.exceptions.SessionNotInitialisedError: 
        Session not initialised! Ensure that DBSessionMiddleware has been initialised before
        attempting database access.
        
[2021-08-07 09:41:24,524: ERROR/MainProcess] Task handler raised error: <MaybeEncodingError: Error sending result: '"(1, <ExceptionInfo: SessionNotInitialisedError('\\n        Session not initialised! Ensure that DBSessionMiddleware has been initialised before\\n        attempting database access.\\n        ')>, None)"'. Reason: ''PicklingError("Can\'t pickle <class \'fastapi_sqlalchemy.exceptions.SessionNotInitialisedError\'>: it\'s not the same object as fastapi_sqlalchemy.exceptions.SessionNotInitialisedError")''.>
Traceback (most recent call last):
  File "/usr/local/lib/python3.9/site-packages/billiard/pool.py", line 366, in workloop
    put((READY, (job, i, result, inqW_fd)))
  File "/usr/local/lib/python3.9/site-packages/billiard/queues.py", line 366, in put
    self.send_payload(ForkingPickler.dumps(obj))
  File "/usr/local/lib/python3.9/site-packages/billiard/reduction.py", line 56, in dumps
    cls(buf, protocol).dump(obj)
billiard.pool.MaybeEncodingError: Error sending result: '"(1, <ExceptionInfo: SessionNotInitialisedError('\\n        Session not initialised! Ensure that DBSessionMiddleware has been initialised before\\n        attempting database access.\\n        ')>, None)"'. Reason: ''PicklingError("Can\'t pickle <class \'fastapi_sqlalchemy.exceptions.SessionNotInitialisedError\'>: it\'s not the same object as fastapi_sqlalchemy.exceptions.SessionNotInitialisedError")''.
[2021-08-07 09:41:24,525: WARNING/ForkPoolWorker-8] *** Modifying db tasks ***
[2021-08-07 09:41:24,529: ERROR/ForkPoolWorker-8] Task worker.modify_db_tasks[dfe64d82-83f2-4382-8e23-ad43da3b4d3b] raised unexpected: SessionNotInitialisedError('\n        Session not initialised! Ensure that DBSessionMiddleware has been initialised before\n        attempting database access.\n        ')
Traceback (most recent call last):
  File "/usr/local/lib/python3.9/site-packages/celery/app/trace.py", line 412, in trace_task
    R = retval = fun(*args, **kwargs)
  File "/usr/local/lib/python3.9/site-packages/celery/app/trace.py", line 704, in __protected_call__
    return self.run(*args, **kwargs)
  File "/usr/src/app/worker.py", line 51, in modify_db_tasks
    db_tasks = ModelTask.get_by_status(bad_status)
  File "/usr/src/app/models.py", line 60, in get_by_status
    return db.session.query(cls).filter_by(status=status).all()
  File "/usr/local/lib/python3.9/site-packages/fastapi_sqlalchemy/middleware.py", line 55, in session
    raise SessionNotInitialisedError
fastapi_sqlalchemy.exceptions.SessionNotInitialisedError: 
        Session not initialised! Ensure that DBSessionMiddleware has been initialised before
        attempting database access.
        
[2021-08-07 09:41:24,533: ERROR/MainProcess] Task handler raised error: <MaybeEncodingError: Error sending result: '"(1, <ExceptionInfo: SessionNotInitialisedError('\\n        Session not initialised! Ensure that DBSessionMiddleware has been initialised before\\n        attempting database access.\\n        ')>, None)"'. Reason: ''PicklingError("Can\'t pickle <class \'fastapi_sqlalchemy.exceptions.SessionNotInitialisedError\'>: it\'s not the same object as fastapi_sqlalchemy.exceptions.SessionNotInitialisedError")''.>
Traceback (most recent call last):
  File "/usr/local/lib/python3.9/site-packages/billiard/pool.py", line 366, in workloop
    put((READY, (job, i, result, inqW_fd)))
  File "/usr/local/lib/python3.9/site-packages/billiard/queues.py", line 366, in put
    self.send_payload(ForkingPickler.dumps(obj))
  File "/usr/local/lib/python3.9/site-packages/billiard/reduction.py", line 56, in dumps
    cls(buf, protocol).dump(obj)
billiard.pool.MaybeEncodingError: Error sending result: '"(1, <ExceptionInfo: SessionNotInitialisedError('\\n        Session not initialised! Ensure that DBSessionMiddleware has been initialised before\\n        attempting database access.\\n        ')>, None)"'. Reason: ''PicklingError("Can\'t pickle <class \'fastapi_sqlalchemy.exceptions.SessionNotInitialisedError\'>: it\'s not the same object as fastapi_sqlalchemy.exceptions.SessionNotInitialisedError")''.
[2021-08-07 09:41:24,535: WARNING/ForkPoolWorker-8] hello
[2021-08-07 09:41:24,537: INFO/ForkPoolWorker-8] Task worker.test[3eaf8ec0-a718-4745-bb49-a31c3d11fe39] succeeded in 0.001750499999616295s: None
[2021-08-07 09:41:24,538: WARNING/ForkPoolWorker-8] *** Modifying db tasks ***
[2021-08-07 09:41:24,541: ERROR/ForkPoolWorker-8] Task worker.modify_db_tasks[0e98368e-776d-427a-bc80-5949ba0de840] raised unexpected: SessionNotInitialisedError('\n        Session not initialised! Ensure that DBSessionMiddleware has been initialised before\n        attempting database access.\n        ')
Traceback (most recent call last):
  File "/usr/local/lib/python3.9/site-packages/celery/app/trace.py", line 412, in trace_task
    R = retval = fun(*args, **kwargs)
  File "/usr/local/lib/python3.9/site-packages/celery/app/trace.py", line 704, in __protected_call__
    return self.run(*args, **kwargs)
  File "/usr/src/app/worker.py", line 51, in modify_db_tasks
    db_tasks = ModelTask.get_by_status(bad_status)
  File "/usr/src/app/models.py", line 60, in get_by_status
    return db.session.query(cls).filter_by(status=status).all()
  File "/usr/local/lib/python3.9/site-packages/fastapi_sqlalchemy/middleware.py", line 55, in session
    raise SessionNotInitialisedError
fastapi_sqlalchemy.exceptions.SessionNotInitialisedError: 
        Session not initialised! Ensure that DBSessionMiddleware has been initialised before
        attempting database access.
        
[2021-08-07 09:41:24,545: ERROR/MainProcess] Task handler raised error: <MaybeEncodingError: Error sending result: '"(1, <ExceptionInfo: SessionNotInitialisedError('\\n        Session not initialised! Ensure that DBSessionMiddleware has been initialised before\\n        attempting database access.\\n        ')>, None)"'. Reason: ''PicklingError("Can\'t pickle <class \'fastapi_sqlalchemy.exceptions.SessionNotInitialisedError\'>: it\'s not the same object as fastapi_sqlalchemy.exceptions.SessionNotInitialisedError")''.>
Traceback (most recent call last):
  File "/usr/local/lib/python3.9/site-packages/billiard/pool.py", line 366, in workloop
    put((READY, (job, i, result, inqW_fd)))
  File "/usr/local/lib/python3.9/site-packages/billiard/queues.py", line 366, in put
    self.send_payload(ForkingPickler.dumps(obj))
  File "/usr/local/lib/python3.9/site-packages/billiard/reduction.py", line 56, in dumps
    cls(buf, protocol).dump(obj)
billiard.pool.MaybeEncodingError: Error sending result: '"(1, <ExceptionInfo: SessionNotInitialisedError('\\n        Session not initialised! Ensure that DBSessionMiddleware has been initialised before\\n        attempting database access.\\n        ')>, None)"'. Reason: ''PicklingError("Can\'t pickle <class \'fastapi_sqlalchemy.exceptions.SessionNotInitialisedError\'>: it\'s not the same object as fastapi_sqlalchemy.exceptions.SessionNotInitialisedError")''.
[2021-08-07 09:41:24,547: WARNING/ForkPoolWorker-8] *** Gonna sleep ***
[2021-08-07 09:41:24,586: INFO/MainProcess] Events of group {task} enabled by remote.
[2021-08-07 09:41:24,840: INFO/ForkPoolWorker-5] Task sleep[da9819eb-0753-43d9-a9a1-243c86d1ea15] succeeded in 6.008292700000311s: True
[2021-08-07 09:41:24,843: WARNING/ForkPoolWorker-5] *** Gonna sleep ***
[2021-08-07 09:41:24,856: INFO/ForkPoolWorker-3] Task sleep[2c80fa90-d8d8-4dcd-938d-87272351ae8b] succeeded in 6.008579700001064s: True
[2021-08-07 09:41:24,858: WARNING/ForkPoolWorker-3] *** Gonna sleep ***
[2021-08-07 09:41:24,936: INFO/ForkPoolWorker-2] Task sleep[326fdaf9-4e85-4ef4-a1bc-04f9d063ebc3] succeeded in 3.0057952999995905s: True
[2021-08-07 09:41:24,939: WARNING/ForkPoolWorker-2] *** Gonna sleep ***
[2021-08-07 09:41:27,249: INFO/ForkPoolWorker-1] Task sleep[bea7fd89-9aa0-4785-aa88-f8e57d7ae76d] succeeded in 9.016919399999097s: True
[2021-08-07 09:41:27,252: WARNING/ForkPoolWorker-1] *** Gonna sleep ***
[2021-08-07 09:41:27,552: INFO/ForkPoolWorker-8] Task sleep[e10f0205-c3cb-47c6-b834-40701ce9b83e] succeeded in 3.0048977000005834s: True
[2021-08-07 09:41:27,554: WARNING/ForkPoolWorker-8] *** Gonna sleep ***
[2021-08-07 09:41:27,844: INFO/ForkPoolWorker-6] Task sleep[476f2e00-e044-4d6c-af00-adc25d833aac] succeeded in 9.012046899999405s: True
[2021-08-07 09:41:27,847: WARNING/ForkPoolWorker-6] *** Gonna sleep ***
[2021-08-07 09:41:27,863: INFO/ForkPoolWorker-3] Task sleep[4b80f524-099c-47ad-80a2-71b32e47b23c] succeeded in 3.0050186999997095s: True
[2021-08-07 09:41:27,866: WARNING/ForkPoolWorker-3] *** Gonna sleep ***
[2021-08-07 09:41:27,944: INFO/ForkPoolWorker-2] Task sleep[ebf256c2-05d7-4d43-b70f-8d290aca6554] succeeded in 3.0051338999983273s: True
[2021-08-07 09:41:27,947: WARNING/ForkPoolWorker-2] *** Gonna sleep ***
[2021-08-07 09:41:27,958: INFO/ForkPoolWorker-7] Task sleep[58438335-2602-4815-9726-58234b025c23] succeeded in 6.007256999999299s: True
[2021-08-07 09:41:27,960: WARNING/ForkPoolWorker-7] *** Gonna sleep ***
[2021-08-07 09:41:30,852: INFO/ForkPoolWorker-5] Task sleep[954c63a9-edf8-4c76-9cfa-b5b80828f2ff] succeeded in 6.009002800001326s: True
[2021-08-07 09:41:30,855: WARNING/ForkPoolWorker-5] *** Gonna sleep ***
[2021-08-07 09:41:30,869: INFO/ForkPoolWorker-3] Task sleep[3e1f1e0e-9254-4c63-816b-758ca7bb6a45] succeeded in 3.002893299999414s: True
[2021-08-07 09:41:30,871: WARNING/ForkPoolWorker-3] *** Gonna sleep ***
[2021-08-07 09:41:30,952: INFO/ForkPoolWorker-2] Task sleep[ae3509c0-1a43-4d12-941d-478441c6c5e3] succeeded in 3.005287199999657s: True
[2021-08-07 09:41:30,955: WARNING/ForkPoolWorker-2] *** Gonna sleep ***
[2021-08-07 09:41:30,958: INFO/ForkPoolWorker-4] Task sleep[12e8b0be-2051-4a2a-bde0-05ade035c5f7] succeeded in 9.007509100001698s: True
[2021-08-07 09:41:30,965: INFO/ForkPoolWorker-7] Task sleep[12103efb-46af-4e8c-ae53-b185dd439f4d] succeeded in 3.005034700001488s: True
[2021-08-07 09:41:33,261: INFO/ForkPoolWorker-1] Task sleep[00aaa6a2-d9f0-4de1-9be6-560b356f327e] succeeded in 6.008331500001077s: True
[2021-08-07 09:41:33,857: INFO/ForkPoolWorker-6] Task sleep[5aa23471-37b5-4c87-bae6-8afa34f5cb51] succeeded in 6.009119099999225s: True
[2021-08-07 09:41:33,862: INFO/ForkPoolWorker-5] Task sleep[f7b9f334-fdd3-4133-b915-555eaadb6110] succeeded in 3.0068329999994603s: True
[2021-08-07 09:41:36,566: INFO/ForkPoolWorker-8] Task sleep[bc47fb7d-acf1-439f-b5da-2494c5e31fee] succeeded in 9.011908700000276s: True
[2021-08-07 09:41:36,880: INFO/ForkPoolWorker-3] Task sleep[ccb71ea3-8075-4721-aef9-ab8e7a50b335] succeeded in 6.008373800001209s: True
[2021-08-07 09:41:36,963: INFO/ForkPoolWorker-2] Task sleep[c3d533a3-741e-485d-add8-db4cf26d7b3c] succeeded in 6.008298400000058s: True
[2021-08-07 09:41:47,902: INFO/MainProcess] Received task: sleep[db89af1f-4dc4-46ee-b2ee-03f127538e9d]  
[2021-08-07 09:41:47,906: WARNING/ForkPoolWorker-7] *** Gonna sleep ***
[2021-08-07 09:41:53,916: INFO/ForkPoolWorker-7] Task sleep[db89af1f-4dc4-46ee-b2ee-03f127538e9d] succeeded in 6.010768800000733s: True
[2021-08-07 09:43:36,379: INFO/MainProcess] Received task: sleep[a5b1a9de-33ec-4865-82ff-ce7686066020]  
[2021-08-07 09:43:36,384: WARNING/ForkPoolWorker-7] *** Gonna sleep ***
[2021-08-07 09:43:39,389: INFO/ForkPoolWorker-7] Task sleep[a5b1a9de-33ec-4865-82ff-ce7686066020] succeeded in 3.005459300000439s: True
[2021-08-07 09:44:25,151: INFO/MainProcess] Received task: sleep[9c62532b-cb09-4f17-9c69-4d2b09fa35f0]  
[2021-08-07 09:44:25,154: WARNING/ForkPoolWorker-7] *** Gonna sleep ***
[2021-08-07 09:44:31,162: INFO/ForkPoolWorker-7] Task sleep[9c62532b-cb09-4f17-9c69-4d2b09fa35f0] succeeded in 6.008063799999945s: True
[2021-08-07 09:46:53,572: INFO/MainProcess] Received task: sleep[5f978c11-cd9b-48f3-8eb0-aaf80412e899]  
[2021-08-07 09:46:53,579: INFO/MainProcess] Received task: worker.add[ca769236-34ba-4a61-b8da-1314c7a9ec82]  
[2021-08-07 09:46:53,582: WARNING/ForkPoolWorker-7] *** Gonna sleep ***
[2021-08-07 09:46:53,582: WARNING/ForkPoolWorker-8] 8
[2021-08-07 09:46:53,586: INFO/ForkPoolWorker-8] Task worker.add[ca769236-34ba-4a61-b8da-1314c7a9ec82] succeeded in 0.004072000001542619s: None
[2021-08-07 09:46:56,589: INFO/ForkPoolWorker-7] Task sleep[5f978c11-cd9b-48f3-8eb0-aaf80412e899] succeeded in 3.0069760999995196s: True
[2021-08-07 09:48:03,510: INFO/MainProcess] Received task: sleep[b1957a82-017d-426f-bd17-d3ebb349cdd0]  
[2021-08-07 09:48:03,514: INFO/MainProcess] Received task: worker.add[de342d2e-b8c2-46ad-b8de-42e61ac79a85]  
[2021-08-07 09:48:03,517: WARNING/ForkPoolWorker-8] 8
[2021-08-07 09:48:03,517: WARNING/ForkPoolWorker-7] *** Gonna sleep ***
[2021-08-07 09:48:03,520: INFO/ForkPoolWorker-8] Task worker.add[de342d2e-b8c2-46ad-b8de-42e61ac79a85] succeeded in 0.003479300001345109s: None
[2021-08-07 09:48:06,521: INFO/ForkPoolWorker-7] Task sleep[b1957a82-017d-426f-bd17-d3ebb349cdd0] succeeded in 3.0046867999990354s: True
[2021-08-07 09:48:37,012: INFO/MainProcess] Received task: sleep[6a34d383-ed34-4093-ac1b-4c05f479555e]  
[2021-08-07 09:48:37,015: INFO/MainProcess] Received task: worker.add[856e3d39-d99e-4182-abdc-4e815a02295e]  
[2021-08-07 09:48:37,017: WARNING/ForkPoolWorker-8] 8
[2021-08-07 09:48:37,017: WARNING/ForkPoolWorker-7] *** Gonna sleep ***
[2021-08-07 09:48:37,019: INFO/ForkPoolWorker-8] Task worker.add[856e3d39-d99e-4182-abdc-4e815a02295e] succeeded in 0.0023511999988841126s: None
[2021-08-07 09:48:37,019: ERROR/MainProcess] Received unregistered task of type 'worker.test_task'.
The message has been ignored and discarded.

Did you remember to import the module containing this task?
Or maybe you're using relative imports?

Please see
http://docs.celeryq.org/en/latest/internals/protocol.html
for more information.

The full contents of the message body was:
b'[[4], {}, {"callbacks": null, "errbacks": null, "chain": null, "chord": null}]' (78b)
Traceback (most recent call last):
  File "/usr/local/lib/python3.9/site-packages/celery/worker/consumer/consumer.py", line 562, in on_task_received
    strategy = strategies[type_]
KeyError: 'worker.test_task'
[2021-08-07 09:48:43,025: INFO/ForkPoolWorker-7] Task sleep[6a34d383-ed34-4093-ac1b-4c05f479555e] succeeded in 6.008745600000111s: True
[2021-08-07 09:49:51,625: INFO/MainProcess] Received task: sleep[16d07391-bf5e-460f-bb5c-fca530e784d7]  
[2021-08-07 09:49:51,629: INFO/MainProcess] Received task: worker.add[2477aa78-6004-42de-958a-a04073a135b7]  
[2021-08-07 09:49:51,630: WARNING/ForkPoolWorker-7] *** Gonna sleep ***
[2021-08-07 09:49:51,630: WARNING/ForkPoolWorker-8] 8
[2021-08-07 09:49:51,632: ERROR/MainProcess] Received unregistered task of type 'worker.test_task'.
The message has been ignored and discarded.

Did you remember to import the module containing this task?
Or maybe you're using relative imports?

Please see
http://docs.celeryq.org/en/latest/internals/protocol.html
for more information.

The full contents of the message body was:
b'[[4], {}, {"callbacks": null, "errbacks": null, "chain": null, "chord": null}]' (78b)
Traceback (most recent call last):
  File "/usr/local/lib/python3.9/site-packages/celery/worker/consumer/consumer.py", line 562, in on_task_received
    strategy = strategies[type_]
KeyError: 'worker.test_task'
[2021-08-07 09:49:51,633: INFO/ForkPoolWorker-8] Task worker.add[2477aa78-6004-42de-958a-a04073a135b7] succeeded in 0.002561499999501393s: None
[2021-08-07 09:49:57,638: INFO/ForkPoolWorker-7] Task sleep[16d07391-bf5e-460f-bb5c-fca530e784d7] succeeded in 6.008178699999917s: True
[2021-08-07 09:50:05,020: INFO/MainProcess] Received task: sleep[a0376a9c-c347-4aa1-989b-02f27cb6d3bf]  
[2021-08-07 09:50:05,024: INFO/MainProcess] Received task: worker.add[b7aa43c0-c632-4157-a4f9-055ffb7ecabc]  
[2021-08-07 09:50:05,026: WARNING/ForkPoolWorker-8] 8
[2021-08-07 09:50:05,026: WARNING/ForkPoolWorker-7] *** Gonna sleep ***
[2021-08-07 09:50:05,028: ERROR/MainProcess] Received unregistered task of type 'worker.test_task'.
The message has been ignored and discarded.

Did you remember to import the module containing this task?
Or maybe you're using relative imports?

Please see
http://docs.celeryq.org/en/latest/internals/protocol.html
for more information.

The full contents of the message body was:
b'[[4], {}, {"callbacks": null, "errbacks": null, "chain": null, "chord": null}]' (78b)
Traceback (most recent call last):
  File "/usr/local/lib/python3.9/site-packages/celery/worker/consumer/consumer.py", line 562, in on_task_received
    strategy = strategies[type_]
KeyError: 'worker.test_task'
[2021-08-07 09:50:05,028: INFO/ForkPoolWorker-8] Task worker.add[b7aa43c0-c632-4157-a4f9-055ffb7ecabc] succeeded in 0.002515900001526461s: None
[2021-08-07 09:50:05,387: INFO/MainProcess] Received task: sleep[7c10f2a3-e178-4728-a9d0-bd7a2106dfb0]  
[2021-08-07 09:50:05,390: INFO/MainProcess] Received task: worker.add[09a7aef6-fa7d-4cbb-97c6-d4f83d5d1c88]  
[2021-08-07 09:50:05,392: WARNING/ForkPoolWorker-8] *** Gonna sleep ***
[2021-08-07 09:50:05,393: WARNING/ForkPoolWorker-1] 8
[2021-08-07 09:50:05,395: ERROR/MainProcess] Received unregistered task of type 'worker.test_task'.
The message has been ignored and discarded.

Did you remember to import the module containing this task?
Or maybe you're using relative imports?

Please see
http://docs.celeryq.org/en/latest/internals/protocol.html
for more information.

The full contents of the message body was:
b'[[4], {}, {"callbacks": null, "errbacks": null, "chain": null, "chord": null}]' (78b)
Traceback (most recent call last):
  File "/usr/local/lib/python3.9/site-packages/celery/worker/consumer/consumer.py", line 562, in on_task_received
    strategy = strategies[type_]
KeyError: 'worker.test_task'
[2021-08-07 09:50:05,396: INFO/ForkPoolWorker-1] Task worker.add[09a7aef6-fa7d-4cbb-97c6-d4f83d5d1c88] succeeded in 0.003494799999316456s: None
[2021-08-07 09:50:05,674: INFO/MainProcess] Received task: sleep[57f6f5d9-5da6-48af-88bf-1f9d63e3dfbf]  
[2021-08-07 09:50:05,677: INFO/MainProcess] Received task: worker.add[f15ac012-221e-4a0b-9531-b7c90b2ac1be]  
[2021-08-07 09:50:05,678: WARNING/ForkPoolWorker-1] *** Gonna sleep ***
[2021-08-07 09:50:05,679: WARNING/ForkPoolWorker-2] 8
[2021-08-07 09:50:05,681: ERROR/MainProcess] Received unregistered task of type 'worker.test_task'.
The message has been ignored and discarded.

Did you remember to import the module containing this task?
Or maybe you're using relative imports?

Please see
http://docs.celeryq.org/en/latest/internals/protocol.html
for more information.

The full contents of the message body was:
b'[[4], {}, {"callbacks": null, "errbacks": null, "chain": null, "chord": null}]' (78b)
Traceback (most recent call last):
  File "/usr/local/lib/python3.9/site-packages/celery/worker/consumer/consumer.py", line 562, in on_task_received
    strategy = strategies[type_]
KeyError: 'worker.test_task'
[2021-08-07 09:50:05,682: INFO/ForkPoolWorker-2] Task worker.add[f15ac012-221e-4a0b-9531-b7c90b2ac1be] succeeded in 0.0029252000003907597s: None
[2021-08-07 09:50:08,683: INFO/ForkPoolWorker-1] Task sleep[57f6f5d9-5da6-48af-88bf-1f9d63e3dfbf] succeeded in 3.0051598999998532s: True
[2021-08-07 09:50:11,400: INFO/ForkPoolWorker-8] Task sleep[7c10f2a3-e178-4728-a9d0-bd7a2106dfb0] succeeded in 6.008157100000972s: True
[2021-08-07 09:50:14,038: INFO/ForkPoolWorker-7] Task sleep[a0376a9c-c347-4aa1-989b-02f27cb6d3bf] succeeded in 9.01276340000004s: True
[2021-08-07 09:50:24,317: INFO/MainProcess] Received task: sleep[7aae15d4-eaf7-445b-9dec-c78eb1f20e8c]  
[2021-08-07 09:50:24,322: INFO/MainProcess] Received task: worker.add[174faa53-0d4c-42ce-89c4-8b9aa5402079]  
[2021-08-07 09:50:24,324: WARNING/ForkPoolWorker-8] 8
[2021-08-07 09:50:24,324: WARNING/ForkPoolWorker-7] *** Gonna sleep ***
[2021-08-07 09:50:24,326: ERROR/MainProcess] Received unregistered task of type 'worker.test_task'.
The message has been ignored and discarded.

Did you remember to import the module containing this task?
Or maybe you're using relative imports?

Please see
http://docs.celeryq.org/en/latest/internals/protocol.html
for more information.

The full contents of the message body was:
b'[[4], {}, {"callbacks": null, "errbacks": null, "chain": null, "chord": null}]' (78b)
Traceback (most recent call last):
  File "/usr/local/lib/python3.9/site-packages/celery/worker/consumer/consumer.py", line 562, in on_task_received
    strategy = strategies[type_]
KeyError: 'worker.test_task'
[2021-08-07 09:50:24,327: INFO/ForkPoolWorker-8] Task worker.add[174faa53-0d4c-42ce-89c4-8b9aa5402079] succeeded in 0.0028998000016144942s: None
[2021-08-07 09:50:27,330: INFO/ForkPoolWorker-7] Task sleep[7aae15d4-eaf7-445b-9dec-c78eb1f20e8c] succeeded in 3.00634220000029s: True
